2026-09-28 16:17:39 INFO  TC001_AccountPageTest - ************Starting the test case tc001 for new Account creation******
2026-09-28 16:17:39 INFO  TC001_AccountPageTest - Click on the WebElemnt and navigate to the User Register page
2026-09-28 16:17:40 INFO  TC001_AccountPageTest - Fill the form with User details...
2026-09-28 16:17:47 INFO  TC001_AccountPageTest - Finished Test Case....
2026-09-28 16:19:04 INFO  TC001_AccountPageTest - ************Starting the test case tc001 for new Account creation******
2026-09-28 16:19:04 INFO  TC001_AccountPageTest - Click on the WebElemnt and navigate to the User Register page
2026-09-28 16:19:08 INFO  TC001_AccountPageTest - Fill the form with User details...
2026-09-28 16:19:14 INFO  TC001_AccountPageTest - Finished Test Case....
2026-09-28 16:37:52 INFO  TC001_AccountPageTest - ************Starting the test case tc001 for new Account creation******
2026-09-28 16:37:52 INFO  TC001_AccountPageTest - Click on the WebElemnt and navigate to the User Register page
2026-09-28 16:37:52 INFO  TC001_AccountPageTest - Fill the form with User details...
2026-09-28 16:37:59 INFO  TC001_AccountPageTest - Finished Test Case....
2026-09-28 16:38:20 INFO  TC001_AccountPageTest - ************Starting the test case tc001 for new Account creation******
2026-09-28 16:38:20 INFO  TC001_AccountPageTest - Click on the WebElemnt and navigate to the User Register page
2026-09-28 16:38:21 INFO  TC001_AccountPageTest - Fill the form with User details...
2026-09-28 16:38:27 INFO  TC001_AccountPageTest - Finished Test Case....
2026-09-28 16:41:55 INFO  TC001_AccountPageTest - ************Starting the test case tc001 for new Account creation******
2026-09-28 16:41:55 INFO  TC001_AccountPageTest - ************Starting the test case tc001 for new Account creation******
2026-09-28 16:41:55 INFO  TC001_AccountPageTest - Click on the WebElemnt and navigate to the User Register page
2026-09-28 16:41:55 INFO  TC001_AccountPageTest - Click on the WebElemnt and navigate to the User Register page
2026-09-28 16:41:55 INFO  TC001_AccountPageTest - Fill the form with User details...
2026-09-28 16:41:55 INFO  TC001_AccountPageTest - Fill the form with User details...
2026-09-28 16:42:02 INFO  TC001_AccountPageTest - Finished Test Case....
2026-09-28 16:42:02 INFO  TC001_AccountPageTest - Finished Test Case....
2026-09-28 16:58:13 INFO  TC001_AccountPageTest - ************Starting the test case tc001 for new Account creation******
2026-09-28 16:58:13 INFO  TC001_AccountPageTest - Click on the WebElemnt and navigate to the User Register page
2026-09-28 16:58:14 INFO  TC001_AccountPageTest - Fill the form with User details...
2026-09-28 16:58:20 INFO  TC001_AccountPageTest - Finished Test Case....
2026-09-28 16:59:07 INFO  TC001_AccountPageTest - https://tutorialsninja.com/demo/
2026-09-28 16:59:08 INFO  TC001_AccountPageTest - ************Starting the test case tc001 for new Account creation******
2026-09-28 16:59:08 INFO  TC001_AccountPageTest - Click on the WebElemnt and navigate to the User Register page
2026-09-28 16:59:09 INFO  TC001_AccountPageTest - Fill the form with User details...
2026-09-28 16:59:15 INFO  TC001_AccountPageTest - Finished Test Case....
2026-09-28 17:29:42 INFO  TC002_LogInPageTest - https://tutorialsninja.com/demo/
2026-09-28 17:29:43 INFO  TC002_LogInPageTest - ************Starting the test case TC002 Login into Application******
2026-09-28 17:29:43 INFO  TC002_LogInPageTest - Click on the MyAccount link
2026-09-28 17:29:43 INFO  TC002_LogInPageTest - Click on the Login link
2026-09-28 17:29:44 INFO  TC002_LogInPageTest - Fiil the login credentials
2026-09-28 17:29:44 INFO  TC002_LogInPageTest - Entering username
2026-09-28 17:29:44 INFO  TC002_LogInPageTest - Entering password
2026-09-28 17:29:44 INFO  TC002_LogInPageTest - Click on Login Button
2026-09-28 17:29:44 INFO  TC002_LogInPageTest - Validating user landed to My account page After logging
2026-09-28 17:29:45 INFO  TC002_LogInPageTest - Test Case finished !
2026-09-28 23:07:38 INFO  TC002_LogInPageTest - https://tutorialsninja.com/demo/
2026-09-28 23:07:41 DEBUG PackageRelationshipCollection - Parsing relationship: /xl/_rels/workbook.xml.rels
2026-09-28 23:07:41 DEBUG PackageRelationshipCollection - Parsing relationship: /xl/worksheets/_rels/sheet1.xml.rels
2026-09-28 23:07:41 DEBUG PackageRelationshipCollection - Parsing relationship: /_rels/.rels
2026-09-28 23:07:41 TRACE XBeanDebug - Loading type system org.apache.poi.schemas.ooxml.system.ooxml
2026-09-28 23:07:41 TRACE XBeanDebug - Loading type system org.apache.xmlbeans.metadata.system.sXMLCONFIG
2026-09-28 23:07:41 TRACE XBeanDebug - Loading type system org.apache.xmlbeans.metadata.system.sXMLLANG
2026-09-28 23:07:41 TRACE XBeanDebug - Loading type system org.apache.xmlbeans.metadata.system.sXMLSCHEMA
2026-09-28 23:07:41 TRACE XBeanDebug - Loading type system org.apache.xmlbeans.metadata.system.sXMLTOOLS
2026-09-28 23:07:41 TRACE XBeanDebug - Reading unresolved handles for type system org.apache.xmlbeans.metadata.system.sXMLTOOLS
2026-09-28 23:07:41 TRACE XBeanDebug - Finished loading type system org.apache.xmlbeans.metadata.system.sXMLTOOLS
2026-09-28 23:07:41 TRACE XBeanDebug - Reading unresolved handles for type system org.apache.xmlbeans.metadata.system.sXMLSCHEMA
2026-09-28 23:07:41 TRACE XBeanDebug - Finished loading type system org.apache.xmlbeans.metadata.system.sXMLSCHEMA
2026-09-28 23:07:41 TRACE XBeanDebug - Reading unresolved handles for type system org.apache.xmlbeans.metadata.system.sXMLLANG
2026-09-28 23:07:41 TRACE XBeanDebug - Finished loading type system org.apache.xmlbeans.metadata.system.sXMLLANG
2026-09-28 23:07:41 TRACE XBeanDebug - Reading unresolved handles for type system org.apache.xmlbeans.metadata.system.sXMLCONFIG
2026-09-28 23:07:41 TRACE XBeanDebug - Finished loading type system org.apache.xmlbeans.metadata.system.sXMLCONFIG
2026-09-28 23:07:41 TRACE XBeanDebug - Reading unresolved handles for type system org.apache.poi.schemas.ooxml.system.ooxml
2026-09-28 23:07:42 TRACE XBeanDebug - Finished loading type system org.apache.poi.schemas.ooxml.system.ooxml
2026-09-28 23:07:42 TRACE XBeanDebug - Resolving type for handle themefd26doctype
2026-09-28 23:07:42 TRACE XBeanDebug - Resolving type for handle sstf81fdoctype
2026-09-28 23:07:42 TRACE XBeanDebug - Resolving type for handle ctsst44f3type
2026-09-28 23:07:42 TRACE XBeanDebug - Resolving type for handle ctrsta472type
2026-09-28 23:07:42 TRACE XBeanDebug - Resolving type for handle stylesheet5d8bdoctype
2026-09-28 23:07:42 TRACE XBeanDebug - Resolving type for handle ctstylesheet4257type
2026-09-28 23:07:42 TRACE XBeanDebug - Resolving type for handle ctnumfmtsb58btype
2026-09-28 23:07:42 TRACE XBeanDebug - Resolving type for handle ctnumfmt3870type
2026-09-28 23:07:42 TRACE XBeanDebug - Resolving type for handle stnumfmtid76fbtype
2026-09-28 23:07:42 TRACE XBeanDebug - Resolving type for handle stxstringf179type
2026-09-28 23:07:42 TRACE XBeanDebug - Resolving type for handle ctfonts6623type
2026-09-28 23:07:42 TRACE XBeanDebug - Resolving type for handle ctfont14d8type
2026-09-28 23:07:42 TRACE XBeanDebug - Resolving type for handle ctfills2c6ftype
2026-09-28 23:07:42 TRACE XBeanDebug - Resolving type for handle ctfill550ctype
2026-09-28 23:07:42 TRACE XBeanDebug - Resolving type for handle ctborders0d66type
2026-09-28 23:07:42 TRACE XBeanDebug - Resolving type for handle ctborderf935type
2026-09-28 23:07:42 TRACE XBeanDebug - Resolving type for handle ctcellxfs1322type
2026-09-28 23:07:42 TRACE XBeanDebug - Resolving type for handle ctxf97f7type
2026-09-28 23:07:42 TRACE XBeanDebug - Resolving type for handle ctcellstylexfsa81ftype
2026-09-28 23:07:42 TRACE XBeanDebug - Resolving type for handle ctdxfsb26atype
2026-09-28 23:07:42 TRACE XBeanDebug - Resolving type for handle ctdxfa3b1type
2026-09-28 23:07:42 TRACE XBeanDebug - Resolving type for handle cttablestyles872ftype
2026-09-28 23:07:42 TRACE XBeanDebug - Resolving type for handle cttablestylea24ctype
2026-09-28 23:07:42 TRACE XBeanDebug - Resolving type for handle cttablestyleelementa658type
2026-09-28 23:07:42 TRACE XBeanDebug - Resolving type for handle sttablestyletype9936type
2026-09-28 23:07:42 TRACE XBeanDebug - Resolving type for handle stdxfid9fdctype
2026-09-28 23:07:42 TRACE XBeanDebug - Resolving type for handle workbookec17doctype
2026-09-28 23:07:42 TRACE XBeanDebug - Resolving type for handle ctworkbook83c3type
2026-09-28 23:07:42 TRACE XBeanDebug - Resolving type for handle ctsheets49fdtype
2026-09-28 23:07:42 TRACE XBeanDebug - Resolving type for handle ctsheet4dbetype
2026-09-28 23:07:42 TRACE XBeanDebug - Resolving type for handle strelationshipid1e94type
2026-09-28 23:07:42 TRACE XBeanDebug - Resolving type for handle worksheetf539doctype
2026-09-28 23:07:42 TRACE XBeanDebug - Resolving type for handle ctworksheet530dtype
2026-09-28 23:07:42 TRACE XBeanDebug - Resolving type for handle ctcols627ctype
2026-09-28 23:07:42 TRACE XBeanDebug - Resolving type for handle ctcola95ftype
2026-09-28 23:07:42 TRACE XBeanDebug - Resolving type for handle ctsheetdata8408type
2026-09-28 23:07:42 TRACE XBeanDebug - Resolving type for handle ctrowdd39type
2026-09-28 23:07:42 TRACE XBeanDebug - Resolving type for handle ctcell842btype
2026-09-28 23:07:42 TRACE XBeanDebug - Resolving type for handle stcellrefe4e0type
2026-09-28 23:07:42 TRACE XBeanDebug - Resolving type for handle cthyperlinks6416type
2026-09-28 23:07:42 TRACE XBeanDebug - Resolving type for handle cthyperlink0c85type
2026-09-28 23:07:42 DEBUG PackageRelationshipCollection - Parsing relationship: /xl/_rels/workbook.xml.rels
2026-09-28 23:07:42 DEBUG PackageRelationshipCollection - Parsing relationship: /xl/worksheets/_rels/sheet1.xml.rels
2026-09-28 23:07:42 DEBUG PackageRelationshipCollection - Parsing relationship: /_rels/.rels
2026-09-28 23:07:42 DEBUG PackageRelationshipCollection - Parsing relationship: /xl/_rels/workbook.xml.rels
2026-09-28 23:07:42 DEBUG PackageRelationshipCollection - Parsing relationship: /xl/worksheets/_rels/sheet1.xml.rels
2026-09-28 23:07:42 DEBUG PackageRelationshipCollection - Parsing relationship: /_rels/.rels
2026-09-28 23:09:00 INFO  TC002_LogInPageTest - https://tutorialsninja.com/demo/
2026-09-28 23:09:01 DEBUG PackageRelationshipCollection - Parsing relationship: /xl/_rels/workbook.xml.rels
2026-09-28 23:09:01 DEBUG PackageRelationshipCollection - Parsing relationship: /xl/worksheets/_rels/sheet1.xml.rels
2026-09-28 23:09:01 DEBUG PackageRelationshipCollection - Parsing relationship: /_rels/.rels
2026-09-28 23:09:01 TRACE XBeanDebug - Loading type system org.apache.poi.schemas.ooxml.system.ooxml
2026-09-28 23:09:01 TRACE XBeanDebug - Loading type system org.apache.xmlbeans.metadata.system.sXMLCONFIG
2026-09-28 23:09:01 TRACE XBeanDebug - Loading type system org.apache.xmlbeans.metadata.system.sXMLLANG
2026-09-28 23:09:01 TRACE XBeanDebug - Loading type system org.apache.xmlbeans.metadata.system.sXMLSCHEMA
2026-09-28 23:09:01 TRACE XBeanDebug - Loading type system org.apache.xmlbeans.metadata.system.sXMLTOOLS
2026-09-28 23:09:01 TRACE XBeanDebug - Reading unresolved handles for type system org.apache.xmlbeans.metadata.system.sXMLTOOLS
2026-09-28 23:09:01 TRACE XBeanDebug - Finished loading type system org.apache.xmlbeans.metadata.system.sXMLTOOLS
2026-09-28 23:09:01 TRACE XBeanDebug - Reading unresolved handles for type system org.apache.xmlbeans.metadata.system.sXMLSCHEMA
2026-09-28 23:09:01 TRACE XBeanDebug - Finished loading type system org.apache.xmlbeans.metadata.system.sXMLSCHEMA
2026-09-28 23:09:01 TRACE XBeanDebug - Reading unresolved handles for type system org.apache.xmlbeans.metadata.system.sXMLLANG
2026-09-28 23:09:01 TRACE XBeanDebug - Finished loading type system org.apache.xmlbeans.metadata.system.sXMLLANG
2026-09-28 23:09:01 TRACE XBeanDebug - Reading unresolved handles for type system org.apache.xmlbeans.metadata.system.sXMLCONFIG
2026-09-28 23:09:01 TRACE XBeanDebug - Finished loading type system org.apache.xmlbeans.metadata.system.sXMLCONFIG
2026-09-28 23:09:01 TRACE XBeanDebug - Reading unresolved handles for type system org.apache.poi.schemas.ooxml.system.ooxml
2026-09-28 23:09:02 TRACE XBeanDebug - Finished loading type system org.apache.poi.schemas.ooxml.system.ooxml
2026-09-28 23:09:02 TRACE XBeanDebug - Resolving type for handle themefd26doctype
2026-09-28 23:09:02 TRACE XBeanDebug - Resolving type for handle sstf81fdoctype
2026-09-28 23:09:02 TRACE XBeanDebug - Resolving type for handle ctsst44f3type
2026-09-28 23:09:02 TRACE XBeanDebug - Resolving type for handle ctrsta472type
2026-09-28 23:09:02 TRACE XBeanDebug - Resolving type for handle stylesheet5d8bdoctype
2026-09-28 23:09:02 TRACE XBeanDebug - Resolving type for handle ctstylesheet4257type
2026-09-28 23:09:02 TRACE XBeanDebug - Resolving type for handle ctnumfmtsb58btype
2026-09-28 23:09:02 TRACE XBeanDebug - Resolving type for handle ctnumfmt3870type
2026-09-28 23:09:02 TRACE XBeanDebug - Resolving type for handle stnumfmtid76fbtype
2026-09-28 23:09:02 TRACE XBeanDebug - Resolving type for handle stxstringf179type
2026-09-28 23:09:02 TRACE XBeanDebug - Resolving type for handle ctfonts6623type
2026-09-28 23:09:02 TRACE XBeanDebug - Resolving type for handle ctfont14d8type
2026-09-28 23:09:02 TRACE XBeanDebug - Resolving type for handle ctfills2c6ftype
2026-09-28 23:09:02 TRACE XBeanDebug - Resolving type for handle ctfill550ctype
2026-09-28 23:09:02 TRACE XBeanDebug - Resolving type for handle ctborders0d66type
2026-09-28 23:09:02 TRACE XBeanDebug - Resolving type for handle ctborderf935type
2026-09-28 23:09:02 TRACE XBeanDebug - Resolving type for handle ctcellxfs1322type
2026-09-28 23:09:02 TRACE XBeanDebug - Resolving type for handle ctxf97f7type
2026-09-28 23:09:02 TRACE XBeanDebug - Resolving type for handle ctcellstylexfsa81ftype
2026-09-28 23:09:02 TRACE XBeanDebug - Resolving type for handle ctdxfsb26atype
2026-09-28 23:09:02 TRACE XBeanDebug - Resolving type for handle ctdxfa3b1type
2026-09-28 23:09:02 TRACE XBeanDebug - Resolving type for handle cttablestyles872ftype
2026-09-28 23:09:02 TRACE XBeanDebug - Resolving type for handle cttablestylea24ctype
2026-09-28 23:09:02 TRACE XBeanDebug - Resolving type for handle cttablestyleelementa658type
2026-09-28 23:09:02 TRACE XBeanDebug - Resolving type for handle sttablestyletype9936type
2026-09-28 23:09:02 TRACE XBeanDebug - Resolving type for handle stdxfid9fdctype
2026-09-28 23:09:02 TRACE XBeanDebug - Resolving type for handle workbookec17doctype
2026-09-28 23:09:02 TRACE XBeanDebug - Resolving type for handle ctworkbook83c3type
2026-09-28 23:09:02 TRACE XBeanDebug - Resolving type for handle ctsheets49fdtype
2026-09-28 23:09:02 TRACE XBeanDebug - Resolving type for handle ctsheet4dbetype
2026-09-28 23:09:02 TRACE XBeanDebug - Resolving type for handle strelationshipid1e94type
2026-09-28 23:09:02 TRACE XBeanDebug - Resolving type for handle worksheetf539doctype
2026-09-28 23:09:02 TRACE XBeanDebug - Resolving type for handle ctworksheet530dtype
2026-09-28 23:09:02 TRACE XBeanDebug - Resolving type for handle ctcols627ctype
2026-09-28 23:09:02 TRACE XBeanDebug - Resolving type for handle ctcola95ftype
2026-09-28 23:09:02 TRACE XBeanDebug - Resolving type for handle ctsheetdata8408type
2026-09-28 23:09:02 TRACE XBeanDebug - Resolving type for handle ctrowdd39type
2026-09-28 23:09:02 TRACE XBeanDebug - Resolving type for handle ctcell842btype
2026-09-28 23:09:02 TRACE XBeanDebug - Resolving type for handle stcellrefe4e0type
2026-09-28 23:09:02 TRACE XBeanDebug - Resolving type for handle cthyperlinks6416type
2026-09-28 23:09:02 TRACE XBeanDebug - Resolving type for handle cthyperlink0c85type
2026-09-28 23:09:02 DEBUG PackageRelationshipCollection - Parsing relationship: /xl/_rels/workbook.xml.rels
2026-09-28 23:09:02 DEBUG PackageRelationshipCollection - Parsing relationship: /xl/worksheets/_rels/sheet1.xml.rels
2026-09-28 23:09:02 DEBUG PackageRelationshipCollection - Parsing relationship: /_rels/.rels
2026-09-28 23:09:02 DEBUG PackageRelationshipCollection - Parsing relationship: /xl/_rels/workbook.xml.rels
2026-09-28 23:09:02 DEBUG PackageRelationshipCollection - Parsing relationship: /xl/worksheets/_rels/sheet1.xml.rels
2026-09-28 23:09:02 DEBUG PackageRelationshipCollection - Parsing relationship: /_rels/.rels
2026-09-28 23:11:06 INFO  TC002_LogInPageTest - https://tutorialsninja.com/demo/
2026-09-28 23:11:08 DEBUG PackageRelationshipCollection - Parsing relationship: /xl/_rels/workbook.xml.rels
2026-09-28 23:11:08 DEBUG PackageRelationshipCollection - Parsing relationship: /xl/worksheets/_rels/sheet1.xml.rels
2026-09-28 23:11:08 DEBUG PackageRelationshipCollection - Parsing relationship: /_rels/.rels
2026-09-28 23:11:08 TRACE XBeanDebug - Loading type system org.apache.poi.schemas.ooxml.system.ooxml
2026-09-28 23:11:08 TRACE XBeanDebug - Loading type system org.apache.xmlbeans.metadata.system.sXMLCONFIG
2026-09-28 23:11:08 TRACE XBeanDebug - Loading type system org.apache.xmlbeans.metadata.system.sXMLLANG
2026-09-28 23:11:08 TRACE XBeanDebug - Loading type system org.apache.xmlbeans.metadata.system.sXMLSCHEMA
2026-09-28 23:11:08 TRACE XBeanDebug - Loading type system org.apache.xmlbeans.metadata.system.sXMLTOOLS
2026-09-28 23:11:08 TRACE XBeanDebug - Reading unresolved handles for type system org.apache.xmlbeans.metadata.system.sXMLTOOLS
2026-09-28 23:11:08 TRACE XBeanDebug - Finished loading type system org.apache.xmlbeans.metadata.system.sXMLTOOLS
2026-09-28 23:11:08 TRACE XBeanDebug - Reading unresolved handles for type system org.apache.xmlbeans.metadata.system.sXMLSCHEMA
2026-09-28 23:11:08 TRACE XBeanDebug - Finished loading type system org.apache.xmlbeans.metadata.system.sXMLSCHEMA
2026-09-28 23:11:08 TRACE XBeanDebug - Reading unresolved handles for type system org.apache.xmlbeans.metadata.system.sXMLLANG
2026-09-28 23:11:08 TRACE XBeanDebug - Finished loading type system org.apache.xmlbeans.metadata.system.sXMLLANG
2026-09-28 23:11:08 TRACE XBeanDebug - Reading unresolved handles for type system org.apache.xmlbeans.metadata.system.sXMLCONFIG
2026-09-28 23:11:08 TRACE XBeanDebug - Finished loading type system org.apache.xmlbeans.metadata.system.sXMLCONFIG
2026-09-28 23:11:08 TRACE XBeanDebug - Reading unresolved handles for type system org.apache.poi.schemas.ooxml.system.ooxml
2026-09-28 23:11:09 TRACE XBeanDebug - Finished loading type system org.apache.poi.schemas.ooxml.system.ooxml
2026-09-28 23:11:09 TRACE XBeanDebug - Resolving type for handle themefd26doctype
2026-09-28 23:11:09 TRACE XBeanDebug - Resolving type for handle sstf81fdoctype
2026-09-28 23:11:09 TRACE XBeanDebug - Resolving type for handle ctsst44f3type
2026-09-28 23:11:09 TRACE XBeanDebug - Resolving type for handle ctrsta472type
2026-09-28 23:11:09 TRACE XBeanDebug - Resolving type for handle stylesheet5d8bdoctype
2026-09-28 23:11:09 TRACE XBeanDebug - Resolving type for handle ctstylesheet4257type
2026-09-28 23:11:09 TRACE XBeanDebug - Resolving type for handle ctnumfmtsb58btype
2026-09-28 23:11:09 TRACE XBeanDebug - Resolving type for handle ctnumfmt3870type
2026-09-28 23:11:09 TRACE XBeanDebug - Resolving type for handle stnumfmtid76fbtype
2026-09-28 23:11:09 TRACE XBeanDebug - Resolving type for handle stxstringf179type
2026-09-28 23:11:09 TRACE XBeanDebug - Resolving type for handle ctfonts6623type
2026-09-28 23:11:09 TRACE XBeanDebug - Resolving type for handle ctfont14d8type
2026-09-28 23:11:09 TRACE XBeanDebug - Resolving type for handle ctfills2c6ftype
2026-09-28 23:11:09 TRACE XBeanDebug - Resolving type for handle ctfill550ctype
2026-09-28 23:11:09 TRACE XBeanDebug - Resolving type for handle ctborders0d66type
2026-09-28 23:11:09 TRACE XBeanDebug - Resolving type for handle ctborderf935type
2026-09-28 23:11:09 TRACE XBeanDebug - Resolving type for handle ctcellxfs1322type
2026-09-28 23:11:09 TRACE XBeanDebug - Resolving type for handle ctxf97f7type
2026-09-28 23:11:09 TRACE XBeanDebug - Resolving type for handle ctcellstylexfsa81ftype
2026-09-28 23:11:09 TRACE XBeanDebug - Resolving type for handle ctdxfsb26atype
2026-09-28 23:11:09 TRACE XBeanDebug - Resolving type for handle ctdxfa3b1type
2026-09-28 23:11:09 TRACE XBeanDebug - Resolving type for handle cttablestyles872ftype
2026-09-28 23:11:09 TRACE XBeanDebug - Resolving type for handle cttablestylea24ctype
2026-09-28 23:11:09 TRACE XBeanDebug - Resolving type for handle cttablestyleelementa658type
2026-09-28 23:11:09 TRACE XBeanDebug - Resolving type for handle sttablestyletype9936type
2026-09-28 23:11:09 TRACE XBeanDebug - Resolving type for handle stdxfid9fdctype
2026-09-28 23:11:09 TRACE XBeanDebug - Resolving type for handle workbookec17doctype
2026-09-28 23:11:09 TRACE XBeanDebug - Resolving type for handle ctworkbook83c3type
2026-09-28 23:11:09 TRACE XBeanDebug - Resolving type for handle ctsheets49fdtype
2026-09-28 23:11:09 TRACE XBeanDebug - Resolving type for handle ctsheet4dbetype
2026-09-28 23:11:09 TRACE XBeanDebug - Resolving type for handle strelationshipid1e94type
2026-09-28 23:11:09 TRACE XBeanDebug - Resolving type for handle worksheetf539doctype
2026-09-28 23:11:09 TRACE XBeanDebug - Resolving type for handle ctworksheet530dtype
2026-09-28 23:11:09 TRACE XBeanDebug - Resolving type for handle ctcols627ctype
2026-09-28 23:11:09 TRACE XBeanDebug - Resolving type for handle ctcola95ftype
2026-09-28 23:11:09 TRACE XBeanDebug - Resolving type for handle ctsheetdata8408type
2026-09-28 23:11:09 TRACE XBeanDebug - Resolving type for handle ctrowdd39type
2026-09-28 23:11:09 TRACE XBeanDebug - Resolving type for handle ctcell842btype
2026-09-28 23:11:09 TRACE XBeanDebug - Resolving type for handle stcellrefe4e0type
2026-09-28 23:11:09 TRACE XBeanDebug - Resolving type for handle cthyperlinks6416type
2026-09-28 23:11:09 TRACE XBeanDebug - Resolving type for handle cthyperlink0c85type
2026-09-28 23:11:09 DEBUG PackageRelationshipCollection - Parsing relationship: /xl/_rels/workbook.xml.rels
2026-09-28 23:11:09 DEBUG PackageRelationshipCollection - Parsing relationship: /xl/worksheets/_rels/sheet1.xml.rels
2026-09-28 23:11:09 DEBUG PackageRelationshipCollection - Parsing relationship: /_rels/.rels
2026-09-28 23:11:09 DEBUG PackageRelationshipCollection - Parsing relationship: /xl/_rels/workbook.xml.rels
2026-09-28 23:11:09 DEBUG PackageRelationshipCollection - Parsing relationship: /xl/worksheets/_rels/sheet1.xml.rels
2026-09-28 23:11:09 DEBUG PackageRelationshipCollection - Parsing relationship: /_rels/.rels
2026-09-28 23:11:09 TRACE XBeanDebug - Resolving type for handle stcelltypebf95type
2026-09-28 23:11:09 DEBUG PackageRelationshipCollection - Parsing relationship: /xl/_rels/workbook.xml.rels
2026-09-28 23:11:09 DEBUG PackageRelationshipCollection - Parsing relationship: /xl/worksheets/_rels/sheet1.xml.rels
2026-09-28 23:11:09 DEBUG PackageRelationshipCollection - Parsing relationship: /_rels/.rels
2026-09-28 23:11:09 DEBUG PackageRelationshipCollection - Parsing relationship: /xl/_rels/workbook.xml.rels
2026-09-28 23:11:09 DEBUG PackageRelationshipCollection - Parsing relationship: /xl/worksheets/_rels/sheet1.xml.rels
2026-09-28 23:11:09 DEBUG PackageRelationshipCollection - Parsing relationship: /_rels/.rels
2026-09-28 23:11:09 DEBUG PackageRelationshipCollection - Parsing relationship: /xl/_rels/workbook.xml.rels
2026-09-28 23:11:09 DEBUG PackageRelationshipCollection - Parsing relationship: /xl/worksheets/_rels/sheet1.xml.rels
2026-09-28 23:11:09 DEBUG PackageRelationshipCollection - Parsing relationship: /_rels/.rels
2026-09-28 23:11:10 DEBUG PackageRelationshipCollection - Parsing relationship: /xl/_rels/workbook.xml.rels
2026-09-28 23:11:10 DEBUG PackageRelationshipCollection - Parsing relationship: /xl/worksheets/_rels/sheet1.xml.rels
2026-09-28 23:11:10 DEBUG PackageRelationshipCollection - Parsing relationship: /_rels/.rels
2026-09-28 23:11:10 DEBUG PackageRelationshipCollection - Parsing relationship: /xl/_rels/workbook.xml.rels
2026-09-28 23:11:10 DEBUG PackageRelationshipCollection - Parsing relationship: /xl/worksheets/_rels/sheet1.xml.rels
2026-09-28 23:11:10 DEBUG PackageRelationshipCollection - Parsing relationship: /_rels/.rels
2026-09-28 23:11:10 DEBUG PackageRelationshipCollection - Parsing relationship: /xl/_rels/workbook.xml.rels
2026-09-28 23:11:10 DEBUG PackageRelationshipCollection - Parsing relationship: /xl/worksheets/_rels/sheet1.xml.rels
2026-09-28 23:11:10 DEBUG PackageRelationshipCollection - Parsing relationship: /_rels/.rels
2026-09-28 23:11:10 DEBUG PackageRelationshipCollection - Parsing relationship: /xl/_rels/workbook.xml.rels
2026-09-28 23:11:10 DEBUG PackageRelationshipCollection - Parsing relationship: /xl/worksheets/_rels/sheet1.xml.rels
2026-09-28 23:11:10 DEBUG PackageRelationshipCollection - Parsing relationship: /_rels/.rels
2026-09-28 23:11:10 DEBUG PackageRelationshipCollection - Parsing relationship: /xl/_rels/workbook.xml.rels
2026-09-28 23:11:10 DEBUG PackageRelationshipCollection - Parsing relationship: /xl/worksheets/_rels/sheet1.xml.rels
2026-09-28 23:11:10 DEBUG PackageRelationshipCollection - Parsing relationship: /_rels/.rels
2026-09-28 23:11:10 DEBUG PackageRelationshipCollection - Parsing relationship: /xl/_rels/workbook.xml.rels
2026-09-28 23:11:10 DEBUG PackageRelationshipCollection - Parsing relationship: /xl/worksheets/_rels/sheet1.xml.rels
2026-09-28 23:11:10 DEBUG PackageRelationshipCollection - Parsing relationship: /_rels/.rels
2026-09-28 23:11:10 TRACE XBeanDebug - Resolving type for handle ctrelt6464type
2026-09-28 23:11:10 TRACE XBeanDebug - Resolving type for handle ctrpreltecc2type
2026-09-28 23:11:10 TRACE XBeanDebug - Resolving type for handle ctfontname2dc3type
2026-09-28 23:11:10 DEBUG PackageRelationshipCollection - Parsing relationship: /xl/_rels/workbook.xml.rels
2026-09-28 23:11:10 DEBUG PackageRelationshipCollection - Parsing relationship: /xl/worksheets/_rels/sheet1.xml.rels
2026-09-28 23:11:10 DEBUG PackageRelationshipCollection - Parsing relationship: /_rels/.rels
2026-09-28 23:11:10 DEBUG PackageRelationshipCollection - Parsing relationship: /xl/_rels/workbook.xml.rels
2026-09-28 23:11:10 DEBUG PackageRelationshipCollection - Parsing relationship: /xl/worksheets/_rels/sheet1.xml.rels
2026-09-28 23:11:10 DEBUG PackageRelationshipCollection - Parsing relationship: /_rels/.rels
2026-09-28 23:11:10 DEBUG PackageRelationshipCollection - Parsing relationship: /xl/_rels/workbook.xml.rels
2026-09-28 23:11:10 DEBUG PackageRelationshipCollection - Parsing relationship: /xl/worksheets/_rels/sheet1.xml.rels
2026-09-28 23:11:10 DEBUG PackageRelationshipCollection - Parsing relationship: /_rels/.rels
2026-09-28 23:11:10 DEBUG PackageRelationshipCollection - Parsing relationship: /xl/_rels/workbook.xml.rels
2026-09-28 23:11:10 DEBUG PackageRelationshipCollection - Parsing relationship: /xl/worksheets/_rels/sheet1.xml.rels
2026-09-28 23:11:10 DEBUG PackageRelationshipCollection - Parsing relationship: /_rels/.rels
2026-09-28 23:11:10 DEBUG PackageRelationshipCollection - Parsing relationship: /xl/_rels/workbook.xml.rels
2026-09-28 23:11:10 DEBUG PackageRelationshipCollection - Parsing relationship: /xl/worksheets/_rels/sheet1.xml.rels
2026-09-28 23:11:10 DEBUG PackageRelationshipCollection - Parsing relationship: /_rels/.rels
2026-09-28 23:11:10 INFO  TC002_LogInPageTest - ************Starting the test case TC002 Login into Application******
2026-09-28 23:11:10 INFO  TC002_LogInPageTest - Click on the MyAccount link
2026-09-28 23:11:10 INFO  TC002_LogInPageTest - Click on the Login link
2026-09-28 23:11:10 INFO  TC002_LogInPageTest - Fiil the login credentials
2026-09-28 23:11:10 INFO  TC002_LogInPageTest - Entering username
2026-09-28 23:11:11 INFO  TC002_LogInPageTest - Entering password
2026-09-28 23:11:11 INFO  TC002_LogInPageTest - Click on Login Button
2026-09-28 23:11:11 INFO  TC002_LogInPageTest - Validating user landed to My account page After logging
2026-09-28 23:11:12 INFO  TC002_LogInPageTest - ************Starting the test case TC002 Login into Application******
2026-09-28 23:11:12 INFO  TC002_LogInPageTest - Click on the MyAccount link
2026-09-28 23:11:13 INFO  TC002_LogInPageTest - Click on the Login link
2026-09-28 23:11:13 INFO  TC002_LogInPageTest - Fiil the login credentials
2026-09-28 23:11:13 INFO  TC002_LogInPageTest - Entering username
2026-09-28 23:11:13 INFO  TC002_LogInPageTest - Entering password
2026-09-28 23:11:13 INFO  TC002_LogInPageTest - Click on Login Button
2026-09-28 23:11:14 INFO  TC002_LogInPageTest - Validating user landed to My account page After logging
2026-09-28 23:11:14 INFO  TC002_LogInPageTest - Test Case finished !
2026-09-28 23:11:34 INFO  TC002_LogInPageTest - ************Starting the test case TC002 Login into Application******
2026-09-28 23:11:34 INFO  TC002_LogInPageTest - Click on the MyAccount link
2026-09-28 23:11:34 INFO  TC002_LogInPageTest - Click on the Login link
2026-09-28 23:11:35 INFO  TC002_LogInPageTest - Fiil the login credentials
2026-09-28 23:11:35 INFO  TC002_LogInPageTest - Entering username
2026-09-28 23:11:35 INFO  TC002_LogInPageTest - Entering password
2026-09-28 23:11:35 INFO  TC002_LogInPageTest - Click on Login Button
2026-09-28 23:11:35 INFO  TC002_LogInPageTest - Validating user landed to My account page After logging
2026-09-28 23:11:36 INFO  TC002_LogInPageTest - ************Starting the test case TC002 Login into Application******
2026-09-28 23:11:36 INFO  TC002_LogInPageTest - Click on the MyAccount link
2026-09-28 23:11:36 INFO  TC002_LogInPageTest - Click on the Login link
2026-09-28 23:11:36 INFO  TC002_LogInPageTest - Fiil the login credentials
2026-09-28 23:11:36 INFO  TC002_LogInPageTest - Entering username
2026-09-28 23:11:37 INFO  TC002_LogInPageTest - Entering password
2026-09-28 23:11:37 INFO  TC002_LogInPageTest - Click on Login Button
2026-09-28 23:11:37 INFO  TC002_LogInPageTest - Validating user landed to My account page After logging
2026-09-28 23:11:38 INFO  TC002_LogInPageTest - ************Starting the test case TC002 Login into Application******
2026-09-28 23:11:38 INFO  TC002_LogInPageTest - Click on the MyAccount link
2026-09-28 23:11:38 INFO  TC002_LogInPageTest - Click on the Login link
2026-09-29 11:17:47 INFO  TC002_LogInPageTest - https://tutorialsninja.com/demo/
2026-09-29 11:17:48 INFO  TC002_LogInPageTest - ************Starting the test case TC002 Login into Application******
2026-09-29 11:17:48 INFO  TC002_LogInPageTest - Click on the MyAccount link
2026-09-29 11:17:49 INFO  TC002_LogInPageTest - Click on the Login link
2026-09-29 11:17:49 INFO  TC002_LogInPageTest - Fiil the login credentials
2026-09-29 11:17:49 INFO  TC002_LogInPageTest - Entering username
2026-09-29 11:17:49 INFO  TC002_LogInPageTest - Entering password
2026-09-29 11:17:49 INFO  TC002_LogInPageTest - Click on Login Button
2026-09-29 11:17:50 INFO  TC002_LogInPageTest - Validating user landed to My account page After logging
2026-09-29 11:17:50 INFO  TC002_LogInPageTest - Test Case finished !
2026-09-29 12:46:15 INFO  TC001_AccountPageTest - https://tutorialsninja.com/demo/
2026-09-29 12:46:16 INFO  TC001_AccountPageTest - ************Starting the test case tc001 for new Account creation******
2026-09-29 12:46:16 INFO  TC001_AccountPageTest - Click on the WebElemnt and navigate to the User Register page
2026-09-29 12:46:17 INFO  TC001_AccountPageTest - Fill the form with User details...
2026-09-29 12:46:25 INFO  TC001_AccountPageTest - Finished Test Case....
2026-09-29 12:46:26 INFO  TC002_LogInPageTest - https://tutorialsninja.com/demo/
2026-09-29 12:46:27 INFO  TC002_LogInPageTest - ************Starting the test case TC002 Login into Application******
2026-09-29 12:46:27 INFO  TC002_LogInPageTest - Click on the MyAccount link
2026-09-29 12:46:27 INFO  TC002_LogInPageTest - Click on the Login link
2026-09-29 12:46:27 INFO  TC002_LogInPageTest - Fiil the login credentials
2026-09-29 12:46:27 INFO  TC002_LogInPageTest - Entering username
2026-09-29 12:46:27 INFO  TC002_LogInPageTest - Entering password
2026-09-29 12:46:28 INFO  TC002_LogInPageTest - Click on Login Button
2026-09-29 12:46:28 INFO  TC002_LogInPageTest - Validating user landed to My account page After logging
2026-09-29 12:46:30 INFO  TC002_LogInPageTest - Test Case finished !
2026-09-29 12:50:49 INFO  TC001_AccountPageTest - https://tutorialsninja.com/demo/
2026-09-29 12:50:50 INFO  TC001_AccountPageTest - ************Starting the test case tc001 for new Account creation******
2026-09-29 12:50:50 INFO  TC001_AccountPageTest - Click on the WebElemnt and navigate to the User Register page
2026-09-29 12:50:50 INFO  TC001_AccountPageTest - Fill the form with User details...
2026-09-29 12:50:57 INFO  TC001_AccountPageTest - Finished Test Case....
2026-09-29 12:50:59 INFO  TC002_LogInPageTest - https://tutorialsninja.com/demo/
2026-09-29 12:50:59 INFO  TC002_LogInPageTest - ************Starting the test case TC002 Login into Application******
2026-09-29 12:50:59 INFO  TC002_LogInPageTest - Click on the MyAccount link
2026-09-29 12:51:00 INFO  TC002_LogInPageTest - Click on the Login link
2026-09-29 12:51:00 INFO  TC002_LogInPageTest - Fiil the login credentials
2026-09-29 12:51:00 INFO  TC002_LogInPageTest - Entering username
2026-09-29 12:51:00 INFO  TC002_LogInPageTest - Entering password
2026-09-29 12:51:00 INFO  TC002_LogInPageTest - Click on Login Button
2026-09-29 12:51:00 INFO  TC002_LogInPageTest - Validating user landed to My account page After logging
2026-09-29 12:58:04 INFO  TC001_AccountPageTest - https://tutorialsninja.com/demo/
2026-09-29 12:58:05 INFO  TC001_AccountPageTest - ************Starting the test case tc001 for new Account creation******
2026-09-29 12:58:05 INFO  TC001_AccountPageTest - Click on the WebElemnt and navigate to the User Register page
2026-09-29 12:58:06 INFO  TC001_AccountPageTest - Fill the form with User details...
2026-09-29 12:58:13 INFO  TC001_AccountPageTest - Finished Test Case....
2026-09-29 12:58:14 INFO  TC002_LogInPageTest - https://tutorialsninja.com/demo/
2026-09-29 12:58:14 INFO  TC002_LogInPageTest - ************Starting the test case TC002 Login into Application******
2026-09-29 12:58:14 INFO  TC002_LogInPageTest - Click on the MyAccount link
2026-09-29 12:58:15 INFO  TC002_LogInPageTest - Click on the Login link
2026-09-29 12:58:15 INFO  TC002_LogInPageTest - Fiil the login credentials
2026-09-29 12:58:15 INFO  TC002_LogInPageTest - Entering username
2026-09-29 12:58:15 INFO  TC002_LogInPageTest - Entering password
2026-09-29 12:58:15 INFO  TC002_LogInPageTest - Click on Login Button
2026-09-29 12:58:15 INFO  TC002_LogInPageTest - Validating user landed to My account page After logging
2026-09-29 12:58:17 INFO  TC002_LogInPageTest - Test Case finished !
2026-09-29 12:58:34 INFO  TC001_AccountPageTest - https://tutorialsninja.com/demo/
2026-09-29 12:58:35 INFO  TC001_AccountPageTest - ************Starting the test case tc001 for new Account creation******
2026-09-29 12:58:35 INFO  TC001_AccountPageTest - Click on the WebElemnt and navigate to the User Register page
2026-09-29 12:58:35 INFO  TC001_AccountPageTest - Fill the form with User details...
2026-09-29 12:58:42 INFO  TC001_AccountPageTest - Finished Test Case....
2026-09-29 12:58:43 INFO  TC002_LogInPageTest - https://tutorialsninja.com/demo/
2026-09-29 12:58:44 INFO  TC002_LogInPageTest - ************Starting the test case TC002 Login into Application******
2026-09-29 12:58:44 INFO  TC002_LogInPageTest - Click on the MyAccount link
2026-09-29 12:58:44 INFO  TC002_LogInPageTest - Click on the Login link
2026-09-29 12:58:44 INFO  TC002_LogInPageTest - Fiil the login credentials
2026-09-29 12:58:44 INFO  TC002_LogInPageTest - Entering username
2026-09-29 12:58:44 INFO  TC002_LogInPageTest - Entering password
2026-09-29 12:58:44 INFO  TC002_LogInPageTest - Click on Login Button
2026-09-29 12:58:45 INFO  TC002_LogInPageTest - Validating user landed to My account page After logging
2026-09-29 12:58:45 INFO  TC002_LogInPageTest - Test Case finished !
2026-09-29 13:02:11 INFO  TC001_AccountPageTest - https://tutorialsninja.com/demo/
2026-09-29 13:02:12 INFO  TC001_AccountPageTest - ************Starting the test case tc001 for new Account creation******
2026-09-29 13:02:12 INFO  TC001_AccountPageTest - Click on the WebElemnt and navigate to the User Register page
2026-09-29 13:02:12 INFO  TC001_AccountPageTest - Fill the form with User details...
2026-09-29 13:02:19 INFO  TC001_AccountPageTest - Finished Test Case....
2026-09-29 13:02:20 INFO  TC002_LogInPageTest - https://tutorialsninja.com/demo/
2026-09-29 13:02:21 INFO  TC002_LogInPageTest - ************Starting the test case TC002 Login into Application******
2026-09-29 13:02:21 INFO  TC002_LogInPageTest - Click on the MyAccount link
2026-09-29 13:02:21 INFO  TC002_LogInPageTest - Click on the Login link
2026-09-29 13:02:22 INFO  TC002_LogInPageTest - Fiil the login credentials
2026-09-29 13:02:22 INFO  TC002_LogInPageTest - Entering username
2026-09-29 13:05:08 INFO  TC001_AccountPageTest - https://tutorialsninja.com/demo/
2026-09-29 13:05:09 INFO  TC001_AccountPageTest - ************Starting the test case tc001 for new Account creation******
2026-09-29 13:05:09 INFO  TC001_AccountPageTest - Click on the WebElemnt and navigate to the User Register page
2026-09-29 13:05:09 INFO  TC001_AccountPageTest - Fill the form with User details...
2026-09-29 13:05:16 INFO  TC001_AccountPageTest - Finished Test Case....
2026-09-29 13:05:17 INFO  TC002_LogInPageTest - https://tutorialsninja.com/demo/
2026-09-29 13:05:18 INFO  TC002_LogInPageTest - ************Starting the test case TC002 Login into Application******
2026-09-29 13:05:18 INFO  TC002_LogInPageTest - Click on the MyAccount link
2026-09-29 13:05:18 INFO  TC002_LogInPageTest - Click on the Login link
2026-09-29 13:05:19 INFO  TC002_LogInPageTest - Fiil the login credentials
2026-09-29 13:05:19 INFO  TC002_LogInPageTest - Entering username
2026-09-29 13:16:22 INFO  TC002_LogInPageTest - https://tutorialsninja.com/demo/
2026-09-29 13:16:24 INFO  TC002_LogInPageTest - ************Starting the test case TC002 Login into Application******
2026-09-29 13:16:24 INFO  TC002_LogInPageTest - Click on the MyAccount link
2026-09-29 13:16:24 INFO  TC002_LogInPageTest - Click on the Login link
2026-09-29 13:16:24 INFO  TC002_LogInPageTest - Fiil the login credentials
2026-09-29 13:16:24 INFO  TC002_LogInPageTest - Entering username
2026-09-29 13:16:24 INFO  TC002_LogInPageTest - Entering password
2026-09-29 13:16:24 INFO  TC002_LogInPageTest - Click on Login Button
2026-09-29 13:16:24 INFO  TC002_LogInPageTest - Validating user landed to My account page After logging
2026-09-29 13:16:25 INFO  TC002_LogInPageTest - Test Case finished !
2026-09-29 16:39:51 INFO  TC001_AccountPageTest - https://tutorialsninja.com/demo/
2026-09-29 16:39:52 INFO  TC001_AccountPageTest - ************Starting the test case tc001 for new Account creation******
2026-09-29 16:39:52 INFO  TC001_AccountPageTest - Click on the WebElemnt and navigate to the User Register page
2026-09-29 16:39:52 INFO  TC001_AccountPageTest - Fill the form with User details...
2026-09-29 16:39:59 INFO  TC001_AccountPageTest - Finished Test Case....
2026-09-29 16:40:00 INFO  TC002_LogInPageTest - https://tutorialsninja.com/demo/
2026-09-29 16:40:01 INFO  TC002_LogInPageTest - ************Starting the test case TC002 Login into Application******
2026-09-29 16:40:01 INFO  TC002_LogInPageTest - Click on the MyAccount link
2026-09-29 16:40:01 INFO  TC002_LogInPageTest - Click on the Login link
2026-09-29 16:40:02 INFO  TC002_LogInPageTest - Fiil the login credentials
2026-09-29 16:40:02 INFO  TC002_LogInPageTest - Entering username
2026-09-29 16:40:02 INFO  TC002_LogInPageTest - Entering password
2026-09-29 16:40:02 INFO  TC002_LogInPageTest - Click on Login Button
2026-09-29 16:40:02 INFO  TC002_LogInPageTest - Validating user landed to My account page After logging
2026-09-29 16:40:05 INFO  TC002_LogInPageTest - Test Case finished !
2026-09-29 16:48:23 INFO  TC001_AccountPageTest - https://tutorialsninja.com/demo/
2026-09-29 16:48:24 INFO  TC001_AccountPageTest - ************Starting the test case tc001 for new Account creation******
2026-09-29 16:48:24 INFO  TC001_AccountPageTest - Click on the WebElemnt and navigate to the User Register page
2026-09-29 16:48:24 INFO  TC001_AccountPageTest - Fill the form with User details...
2026-09-29 16:48:31 INFO  TC001_AccountPageTest - Finished Test Case....
2026-09-29 16:48:32 INFO  TC002_LogInPageTest - https://tutorialsninja.com/demo/
2026-09-29 16:48:33 INFO  TC002_LogInPageTest - ************Starting the test case TC002 Login into Application******
2026-09-29 16:48:33 INFO  TC002_LogInPageTest - Click on the MyAccount link
2026-09-29 16:48:33 INFO  TC002_LogInPageTest - Click on the Login link
2026-09-29 16:48:33 INFO  TC002_LogInPageTest - Fiil the login credentials
2026-09-29 16:48:33 INFO  TC002_LogInPageTest - Entering username
2026-09-29 16:48:33 INFO  TC002_LogInPageTest - Entering password
2026-09-29 16:48:33 INFO  TC002_LogInPageTest - Click on Login Button
2026-09-29 16:48:33 INFO  TC002_LogInPageTest - Validating user landed to My account page After logging
2026-09-29 16:48:34 INFO  TC002_LogInPageTest - Test Case finished !
2026-09-29 16:53:31 INFO  TC001_AccountPageTest - https://tutorialsninja.com/demo/
2026-09-29 16:53:31 INFO  TC001_AccountPageTest - https://tutorialsninja.com/demo/
2026-09-29 16:53:32 INFO  TC001_AccountPageTest - ************Starting the test case tc001 for new Account creation******
2026-09-29 16:53:32 INFO  TC001_AccountPageTest - ************Starting the test case tc001 for new Account creation******
2026-09-29 16:53:32 INFO  TC001_AccountPageTest - Click on the WebElemnt and navigate to the User Register page
2026-09-29 16:53:32 INFO  TC001_AccountPageTest - Click on the WebElemnt and navigate to the User Register page
2026-09-29 16:53:47 ERROR TC001_AccountPageTest - test case is failed!
2026-09-29 16:53:47 DEBUG TC001_AccountPageTest - Debug the failed test case...
2026-09-29 16:54:02 ERROR TC001_AccountPageTest - test case is failed!
2026-09-29 16:54:02 DEBUG TC001_AccountPageTest - Debug the failed test case...
